// Jest Snapshot v1, https://goo.gl/fbAQLP

exports[`renders correctly 1`] = `
<div
  className="sc-gZMcBi fyqceq"
  color="#00bfff"
  size={64}
>
  <div />
  <div />
  <div />
  <div />
  <div />
  <div />
  <div />
  <div />
  <div />
  <div />
  <div />
  <div />
</div>
`;
