// Jest Snapshot v1, https://goo.gl/fbAQLP

exports[`renders correctly 1`] = `
<div
  className="sc-EHOje eWRASf"
  color="#00bfff"
  size={46}
>
  <div />
  <div />
  <div />
</div>
`;
