// Jest Snapshot v1, https://goo.gl/fbAQLP

exports[`renders correctly 1`] = `
<div
  className="sc-iwsKbI kGaNvQ"
  color="#00bfff"
  size={64}
/>
`;
