// Jest Snapshot v1, https://goo.gl/fbAQLP

exports[`renders correctly 1`] = `
<div
  className="sc-bxivhb hsjImS"
>
  <div
    className="sc-ifAKCX fFXEuW"
    color="#00bfff"
    size={50}
  />
</div>
`;
